Microchip MPLAB XC8 Compiler V2.32

Linker command line:

-W-3 --edf=C:\Program Files\Microchip\xc8\v2.32\pic\dat\en_msgs.txt -cn \
  -h+dist/default/production\Mp3.X.production.sym \
  --cmf=dist/default/production\Mp3.X.production.cmf -z -Q18F4520 \
  -oC:\Users\joaop\AppData\Local\Temp\xcAshuo.4 --defsym=__MPLAB_BUILD=1 \
  -Mdist/default/production/Mp3.X.production.map -E1 -ver=XC8 Compiler \
  --acfsm=1493 -ASTACK=02AAh-05FFh -pstack=STACK -ACODE=00h-07FFFh \
  -ACONST=00h-07FFFh -ASMALLCONST=0600h-06FFhx122 \
  -AMEDIUMCONST=0600h-07FFFh -ACOMRAM=01h-07Fh -AABS1=00h-05FFh \
  -ABIGRAM=01h-05FFh -ARAM=080h-0FFh,0100h-01FFhx5 -ABANK0=080h-0FFh \
  -ABANK1=0100h-01FFh -ABANK2=0200h-02FFh -ABANK3=0300h-03FFh \
  -ABANK4=0400h-04FFh -ABANK5=0500h-05FFh -ASFR=0F80h-0FFFh \
  -ACONFIG=0300000h-030000Dh -AIDLOC=0200000h-0200007h \
  -AEEDATA=0F00000h-0F000FFh -peeprom_data=EEDATA \
  -preset_vec=00h,intcode,intcodelo,powerup,init -pramtop=0600h \
  -psmallconst=SMALLCONST -pmediumconst=MEDIUMCONST -pconst=CONST \
  -AFARRAM=00h-00h \
  -prdata=COMRAM,nvrram=COMRAM,nvbit=COMRAM,rbss=COMRAM,rbit=COMRAM \
  -pfarbss=FARRAM,fardata=FARRAM,nvFARRAM=FARRAM \
  -pintsave_regs=BIGRAM,bigbss=BIGRAM,bigdata=BIGRAM -pbss=RAM \
  -pidata=CODE,irdata=CODE,ibigdata=CODE,ifardata=CODE -prparam=COMRAM \
  C:\Users\joaop\AppData\Local\Temp\xcAshuo.o \
  dist/default/production\Mp3.X.production.o 

Object code version is 3.11

Machine type is 18F4520



                Name                               Link     Load   Length Selector   Space Scale
C:\Users\joaop\AppData\Local\Temp\xcAshuo.o
                idloc                            200000   200000        8        0       5
                config                           300000   300000        E        0       4
                init                                  0        0        4        0       0
dist/default/production\Mp3.X.production.o
                idloc                            200000   200000        8        0       5
                config                           300000   300000        E        0       4
                smallconst                          600      600       50      300       0
                text29                             1672     1672       C4      328       0
                text28                             1736     1736       B0      328       0
                text27                             1C7E     1C7E       64      328       0
                text26                             1428     1428      13E      328       0
                text25                             101A     101A      17E      328       0
                text24                             1F20     1F20        A      328       0
                text23                             1EFE     1EFE       18      328       0
                text22                             1EC8     1EC8       1C      328       0
                text21                              DCC      DCC      24E      328       0
                text20                             19C2     19C2       7E      328       0
                text19                             1CE2     1CE2       5A      328       0
                text18                             1DEA     1DEA       54      328       0
                text17                             1AB8     1AB8       78      328       0
                text16                             1566     1566      10C      328       0
                text15                             1EA2     1EA2       26      328       0
                text14                             1EE4     1EE4       1A      328       0
                text13                             1B30     1B30       74      328       0
                text12                             1E7C     1E7C       26      328       0
                text11                             1C12     1C12       6C      328       0
                text10                             1D3C     1D3C       58      328       0
                text9                              1198     1198      150      328       0
                text8                               650      650      2DC      328       0
                text7                              12E8     12E8      140      328       0
                text6                              1E3E     1E3E       3E      328       0
                text5                              1890     1890       A6      328       0
                text4                              1F16     1F16        A      328       0
                text3                               B7E      B7E      24E      328       0
                text2                              1A40     1A40       78      328       0
                text1                              1D94     1D94       56      328       0
                text0                               92C      92C      252      328       0
                cstackCOMRAM                          1        1       6E        1       1
                dataBANK2                           200      200       AA      200       1
                bssBANK1                            100      100       BE      100       1
                dataBANK0                            80       80       6E       80       1
                bssBANK0                             EE       EE        7       80       1
                dataCOMRAM                           7D       7D        3        1       1
                bssCOMRAM                            6F       6F        E        1       1
                cinit                              1936     1936       8C      328       0
                idataBANK2                         17E6     17E6       AA      328       0
                idataBANK0                         1BA4     1BA4       6E      328       0
                idataCOMRAM                        1F2A     1F2A        3      328       0

TOTAL           Name                               Link     Load   Length     Space
        CLASS   STACK          

        CLASS   CODE           
                init                                  0        0        4         0
                text29                             1672     1672       C4         0
                text28                             1736     1736       B0         0
                text27                             1C7E     1C7E       64         0
                text26                             1428     1428      13E         0
                text25                             101A     101A      17E         0
                text24                             1F20     1F20        A         0
                text23                             1EFE     1EFE       18         0
                text22                             1EC8     1EC8       1C         0
                text21                              DCC      DCC      24E         0
                text20                             19C2     19C2       7E         0
                text19                             1CE2     1CE2       5A         0
                text18                             1DEA     1DEA       54         0
                text17                             1AB8     1AB8       78         0
                text16                             1566     1566      10C         0
                text15                             1EA2     1EA2       26         0
                text14                             1EE4     1EE4       1A         0
                text13                             1B30     1B30       74         0
                text12                             1E7C     1E7C       26         0
                text11                             1C12     1C12       6C         0
                text10                             1D3C     1D3C       58         0
                text9                              1198     1198      150         0
                text8                               650      650      2DC         0
                text7                              12E8     12E8      140         0
                text6                              1E3E     1E3E       3E         0
                text5                              1890     1890       A6         0
                text4                              1F16     1F16        A         0
                text3                               B7E      B7E      24E         0
                text2                              1A40     1A40       78         0
                text1                              1D94     1D94       56         0
                text0                               92C      92C      252         0
                cinit                              1936     1936       8C         0
                idataBANK2                         17E6     17E6       AA         0
                idataBANK0                         1BA4     1BA4       6E         0
                idataCOMRAM                        1F2A     1F2A        3         0

        CLASS   CONST          

        CLASS   SMALLCONST     
                smallconst                          600      600       50         0

        CLASS   MEDIUMCONST    

        CLASS   COMRAM         
                cstackCOMRAM                          1        1       6E         1
                dataCOMRAM                           7D       7D        3         1
                bssCOMRAM                            6F       6F        E         1

        CLASS   ABS1           

        CLASS   BIGRAM         

        CLASS   RAM            

        CLASS   BANK0          
                dataBANK0                            80       80       6E         1
                bssBANK0                             EE       EE        7         1

        CLASS   BANK1          
                bssBANK1                            100      100       BE         1

        CLASS   BANK2          
                dataBANK2                           200      200       AA         1

        CLASS   BANK3          

        CLASS   BANK4          

        CLASS   BANK5          

        CLASS   SFR            

        CLASS   CONFIG         
                config                           300000   300000        E         4

        CLASS   IDLOC          
                idloc                            200000   200000        8         5

        CLASS   EEDATA         

        CLASS   FARRAM         



SEGMENTS        Name                           Load    Length   Top    Selector   Space  Class

                reset_vec                      000000  000004  000004         0       0  CODE    
                cstackCOMRAM                   000001  00007F  000080         1       1  COMRAM  
                dataBANK0                      000080  000075  0000F5        80       1  BANK0   
                bssBANK1                       000100  0000BE  0001BE       100       1  BANK1   
                dataBANK2                      000200  0000AA  0002AA       200       1  BANK2   
                smallconst                     000600  000050  000650       300       0  SMALLCON
                text8                          000650  0018DD  001F2D       328       0  CODE    


UNUSED ADDRESS RANGES

        Name                Unused          Largest block    Delta
        BANK0            0000F5-0000FF                B
        BANK1            0001BE-0001FF               42
        BANK2            0002AA-0002FF               56
        BANK3            000300-0003FF              100
        BANK4            000400-0004FF              100
        BANK5            000500-0005FF              100
        BIGRAM           0000F5-0000FF                B
                         0001BE-0001FF               42
                         0002AA-0005FF              356
        CODE             000004-0005FF              5FC
                         001F2D-007FFF             60D3
        CONST            000004-0005FF              5FC
                         001F2D-007FFF             60D3
        EEDATA           F00000-F000FF              100
        MEDIUMCONST      001F2D-007FFF             60D3
        RAM              0000F5-0000FF                B
                         0001BE-0001FF               42
                         0002AA-0005FF              100
        SFR              000F80-000FFF               80
        SMALLCONST       001F2D-007FFF              100
        STACK            0002AA-0005FF              356

                                  Symbol Table

?___aldiv                cstackCOMRAM 000001
?___awdiv                cstackCOMRAM 000001
?___awmod                cstackCOMRAM 000009
?___lwdiv                cstackCOMRAM 000001
?___wmul                 cstackCOMRAM 000001
?_kpRead                 cstackCOMRAM 000001
Delay2ms@i               cstackCOMRAM 000002
Delay40us@i              cstackCOMRAM 000001
_CCP1CON                 (abs)        000FBD
_CCPR1L                  (abs)        000FBE
_Delay2ms                text22       001EC8
_Delay40us               text23       001EFE
_INTCON                  (abs)        000FF2
_PORTA                   (abs)        000F80
_PORTB                   (abs)        000F81
_PORTC                   (abs)        000F82
_PORTD                   (abs)        000F83
_PORTE                   (abs)        000F84
_PR2                     (abs)        000FCB
_T0CON                   (abs)        000FD5
_T2CON                   (abs)        000FCA
_TMR0H                   (abs)        000FD7
_TMR0L                   (abs)        000FD6
_TRISA                   (abs)        000F92
_TRISB                   (abs)        000F93
_TRISC                   (abs)        000F94
_TRISD                   (abs)        000F95
_TRISE                   (abs)        000F96
__HRAM                   (abs)        000000
__Habs1                  abs1         000000
__Hbank0                 bank0        000000
__Hbank1                 bank1        000000
__Hbank2                 bank2        000000
__Hbank3                 bank3        000000
__Hbank4                 bank4        000000
__Hbank5                 bank5        000000
__Hbigbss                bigbss       000000
__Hbigdata               bigdata      000000
__Hbigram                bigram       000000
__Hbss                   bss          000000
__HbssBANK0              bssBANK0     000000
__HbssBANK1              bssBANK1     000000
__HbssCOMRAM             bssCOMRAM    000000
__Hcinit                 cinit        000000
__Hclrtext               clrtext      000000
__Hcomram                comram       000000
__Hconfig                config       30000E
__Hconst                 const        000000
__HcstackCOMRAM          cstackCOMRAM 000000
__Hdata                  data         000000
__HdataBANK0             dataBANK0    000000
__HdataBANK2             dataBANK2    000000
__HdataCOMRAM            dataCOMRAM   000000
__Heeprom_data           eeprom_data  000000
__Hfarbss                farbss       000000
__Hfardata               fardata      000000
__Hibigdata              ibigdata     000000
__Hidata                 idata        000000
__HidataBANK0            idataBANK0   000000
__HidataBANK2            idataBANK2   000000
__HidataCOMRAM           idataCOMRAM  000000
__Hidloc                 idloc        200008
__Hifardata              ifardata     000000
__Hinit                  init         000004
__Hintcode               intcode      000000
__Hintcode_body          intcode_body 000000
__Hintcodelo             intcodelo    000000
__Hintentry              intentry     000000
__Hintret                intret       000000
__Hintsave_regs          intsave_regs 000000
__Hirdata                irdata       000000
__Hmediumconst           mediumconst  000000
__HnvFARRAM              nvFARRAM     000000
__Hnvbit                 nvbit        000000
__Hnvrram                nvrram       000000
__Hparam                 rparam       000000
__Hpowerup               powerup      000000
__Hram                   ram          000000
__Hramtop                ramtop       000600
__Hrbit                  rbit         000000
__Hrbss                  rbss         000000
__Hrdata                 rdata        000000
__Hreset_vec             reset_vec    000000
__Hrparam                rparam       000000
__Hsfr                   sfr          000000
__Hsmallconst            smallconst   000650
__Hspace_0               (abs)        001F2D
__Hspace_1               (abs)        0002AA
__Hspace_2               (abs)        000000
__Hspace_4               (abs)        60000E
__Hstack                 stack        000000
__Hstruct                struct       000000
__Htemp                  temp         000000
__Htext                  text         000000
__Htext0                 text0        000000
__Htext1                 text1        000000
__Htext10                text10       000000
__Htext11                text11       000000
__Htext12                text12       000000
__Htext13                text13       000000
__Htext14                text14       000000
__Htext15                text15       000000
__Htext16                text16       000000
__Htext17                text17       000000
__Htext18                text18       000000
__Htext19                text19       000000
__Htext2                 text2        000000
__Htext20                text20       000000
__Htext21                text21       000000
__Htext22                text22       000000
__Htext23                text23       000000
__Htext24                text24       000000
__Htext25                text25       000000
__Htext26                text26       000000
__Htext27                text27       000000
__Htext28                text28       000000
__Htext29                text29       000000
__Htext3                 text3        000000
__Htext4                 text4        000000
__Htext5                 text5        000000
__Htext6                 text6        000000
__Htext7                 text7        000000
__Htext8                 text8        000000
__Htext9                 text9        000000
__LRAM                   (abs)        000001
__Labs1                  abs1         000000
__Lbank0                 bank0        000000
__Lbank1                 bank1        000000
__Lbank2                 bank2        000000
__Lbank3                 bank3        000000
__Lbank4                 bank4        000000
__Lbank5                 bank5        000000
__Lbigbss                bigbss       000000
__Lbigdata               bigdata      000000
__Lbigram                bigram       000000
__Lbss                   bss          000000
__LbssBANK0              bssBANK0     000000
__LbssBANK1              bssBANK1     000000
__LbssCOMRAM             bssCOMRAM    000000
__Lcinit                 cinit        000000
__Lclrtext               clrtext      000000
__Lcomram                comram       000000
__Lconfig                config       000000
__Lconst                 const        000000
__LcstackCOMRAM          cstackCOMRAM 000000
__Ldata                  data         000000
__LdataBANK0             dataBANK0    000000
__LdataBANK2             dataBANK2    000000
__LdataCOMRAM            dataCOMRAM   000000
__Leeprom_data           eeprom_data  000000
__Lfarbss                farbss       000000
__Lfardata               fardata      000000
__Libigdata              ibigdata     000000
__Lidata                 idata        000000
__LidataBANK0            idataBANK0   000000
__LidataBANK2            idataBANK2   000000
__LidataCOMRAM           idataCOMRAM  000000
__Lidloc                 idloc        000000
__Lifardata              ifardata     000000
__Linit                  init         000000
__Lintcode               intcode      000000
__Lintcode_body          intcode_body 000000
__Lintcodelo             intcodelo    000000
__Lintentry              intentry     000000
__Lintret                intret       000000
__Lintsave_regs          intsave_regs 000000
__Lirdata                irdata       000000
__Lmediumconst           mediumconst  000000
__LnvFARRAM              nvFARRAM     000000
__Lnvbit                 nvbit        000000
__Lnvrram                nvrram       000000
__Lparam                 rparam       000000
__Lpowerup               powerup      000000
__Lram                   ram          000000
__Lramtop                ramtop       000600
__Lrbit                  rbit         000000
__Lrbss                  rbss         000000
__Lrdata                 rdata        000000
__Lreset_vec             reset_vec    000000
__Lrparam                rparam       000000
__Lsfr                   sfr          000000
__Lsmallconst            smallconst   000600
__Lspace_0               (abs)        000000
__Lspace_1               (abs)        000000
__Lspace_2               (abs)        000000
__Lspace_4               (abs)        000000
__Lstack                 stack        000000
__Lstruct                struct       000000
__Ltemp                  temp         000000
__Ltext                  text         000000
__Ltext0                 text0        000000
__Ltext1                 text1        000000
__Ltext10                text10       000000
__Ltext11                text11       000000
__Ltext12                text12       000000
__Ltext13                text13       000000
__Ltext14                text14       000000
__Ltext15                text15       000000
__Ltext16                text16       000000
__Ltext17                text17       000000
__Ltext18                text18       000000
__Ltext19                text19       000000
__Ltext2                 text2        000000
__Ltext20                text20       000000
__Ltext21                text21       000000
__Ltext22                text22       000000
__Ltext23                text23       000000
__Ltext24                text24       000000
__Ltext25                text25       000000
__Ltext26                text26       000000
__Ltext27                text27       000000
__Ltext28                text28       000000
__Ltext29                text29       000000
__Ltext3                 text3        000000
__Ltext4                 text4        000000
__Ltext5                 text5        000000
__Ltext6                 text6        000000
__Ltext7                 text7        000000
__Ltext8                 text8        000000
__Ltext9                 text9        000000
__S0                     (abs)        001F2D
__S1                     (abs)        0002AA
__S2                     (abs)        000000
__S4                     (abs)        000000
__S5                     (abs)        000000
___aldiv                 text16       001566
___aldiv@counter         cstackCOMRAM 000009
___aldiv@dividend        cstackCOMRAM 000001
___aldiv@divisor         cstackCOMRAM 000005
___aldiv@quotient        cstackCOMRAM 00000B
___aldiv@sign            cstackCOMRAM 00000A
___awdiv                 text29       001672
___awdiv@counter         cstackCOMRAM 000005
___awdiv@dividend        cstackCOMRAM 000001
___awdiv@divisor         cstackCOMRAM 000003
___awdiv@quotient        cstackCOMRAM 000007
___awdiv@sign            cstackCOMRAM 000006
___awmod                 text28       001736
___awmod@counter         cstackCOMRAM 00000D
___awmod@dividend        cstackCOMRAM 000009
___awmod@divisor         cstackCOMRAM 00000B
___awmod@sign            cstackCOMRAM 00000E
___inthi_sp              stack        000000
___intlo_sp              stack        000000
___lwdiv                 text13       001B30
___lwdiv@counter         cstackCOMRAM 000007
___lwdiv@dividend        cstackCOMRAM 000001
___lwdiv@divisor         cstackCOMRAM 000003
___lwdiv@quotient        cstackCOMRAM 000005
___param_bank            (abs)        000000
___rparam_used           (abs)        000001
___sp                    stack        000000
___wmul                  text12       001E7C
___wmul@multiplicand     cstackCOMRAM 000003
___wmul@multiplier       cstackCOMRAM 000001
___wmul@product          cstackCOMRAM 000005
__accesstop              (abs)        000080
__activetblptr           (abs)        000002
__end_of_Delay2ms        text22       001EE4
__end_of_Delay40us       text23       001F16
__end_of___aldiv         text16       001672
__end_of___awdiv         text29       001736
__end_of___awmod         text28       0017E6
__end_of___lwdiv         text13       001BA4
__end_of___wmul          text12       001EA2
__end_of__initialization cinit        0019B8
__end_of_alterarVolume   text26       001566
__end_of_atraso_ms       text27       001CE2
__end_of_digitalWrite    text21       00101A
__end_of_escolheMusica   text7        001428
__end_of_iniciaMusica    text5        001936
__end_of_kpDebounce      text25       001198
__end_of_kpInit          text4        001F20
__end_of_kpRead          text24       001F2A
__end_of_lcdCommand      text20       001A40
__end_of_lcdData         text18       001E3E
__end_of_lcdInit         text2        001AB8
__end_of_lcdPosition     text19       001D3C
__end_of_lcdStr          text17       001B30
__end_of_main            text0        000B7E
__end_of_pinMode         text3        000DCC
__end_of_pwmFrequency    text15       001EC8
__end_of_pwmInit         text14       001EFE
__end_of_pwmSet          text11       001C7E
__end_of_ssdDigit        text10       001D94
__end_of_ssdInit         text1        001DEA
__end_of_ssdUpdate       text9        0012E8
__end_of_strcpy          text6        001E7C
__end_of_tocaMusica      text8        00092C
__end_of_valor@ssd$F238  smallconst   000611
__initialization         cinit        001936
__mediumconst            mediumconst  000000
__pbssBANK0              bssBANK0     0000EE
__pbssBANK1              bssBANK1     000100
__pbssCOMRAM             bssCOMRAM    00006F
__pcinit                 cinit        001936
__pcstackCOMRAM          cstackCOMRAM 000001
__pdataBANK0             dataBANK0    000080
__pdataBANK2             dataBANK2    000200
__pdataCOMRAM            dataCOMRAM   00007D
__pidataBANK0            idataBANK0   001BA4
__pidataBANK2            idataBANK2   0017E6
__pidataCOMRAM           idataCOMRAM  001F2A
__psmallconst            smallconst   000600
__ptext0                 text0        00092C
__ptext1                 text1        001D94
__ptext10                text10       001D3C
__ptext11                text11       001C12
__ptext12                text12       001E7C
__ptext13                text13       001B30
__ptext14                text14       001EE4
__ptext15                text15       001EA2
__ptext16                text16       001566
__ptext17                text17       001AB8
__ptext18                text18       001DEA
__ptext19                text19       001CE2
__ptext2                 text2        001A40
__ptext20                text20       0019C2
__ptext21                text21       000DCC
__ptext22                text22       001EC8
__ptext23                text23       001EFE
__ptext24                text24       001F20
__ptext25                text25       00101A
__ptext26                text26       001428
__ptext27                text27       001C7E
__ptext28                text28       001736
__ptext29                text29       001672
__ptext3                 text3        000B7E
__ptext4                 text4        001F16
__ptext5                 text5        001890
__ptext6                 text6        001E3E
__ptext7                 text7        0012E8
__ptext8                 text8        000650
__ptext9                 text9        001198
__ramtop                 ramtop       000600
__size_of_Delay2ms       (abs)        000000
__size_of_Delay40us      (abs)        000000
__size_of___aldiv        (abs)        000000
__size_of___awdiv        (abs)        000000
__size_of___awmod        (abs)        000000
__size_of___lwdiv        (abs)        000000
__size_of___wmul         (abs)        000000
__size_of_alterarVolume  (abs)        000000
__size_of_atraso_ms      (abs)        000000
__size_of_digitalWrite   (abs)        000000
__size_of_escolheMusica  (abs)        000000
__size_of_iniciaMusica   (abs)        000000
__size_of_kpDebounce     (abs)        000000
__size_of_kpInit         (abs)        000000
__size_of_kpRead         (abs)        000000
__size_of_lcdCommand     (abs)        000000
__size_of_lcdData        (abs)        000000
__size_of_lcdInit        (abs)        000000
__size_of_lcdPosition    (abs)        000000
__size_of_lcdStr         (abs)        000000
__size_of_main           (abs)        000000
__size_of_pinMode        (abs)        000000
__size_of_pwmFrequency   (abs)        000000
__size_of_pwmInit        (abs)        000000
__size_of_pwmSet         (abs)        000000
__size_of_ssdDigit       (abs)        000000
__size_of_ssdInit        (abs)        000000
__size_of_ssdUpdate      (abs)        000000
__size_of_strcpy         (abs)        000000
__size_of_tocaMusica     (abs)        000000
__smallconst             smallconst   000600
_alterarVolume           text26       001428
_atraso_ms               text27       001C7E
_cnt                     bssBANK0     0000F4
_digitalWrite            text21       000DCC
_display                 bssCOMRAM    00007A
_duracoes                dataBANK0    0000B0
_escolheMusica           text7        0012E8
_flag                    bssCOMRAM    000074
_i                       bssCOMRAM    00007C
_indice                  bssCOMRAM    000075
_iniciaMusica            text5        001890
_kpDebounce              text25       00101A
_kpInit                  text4        001F16
_kpRead                  text24       001F20
_lcdCommand              text20       0019C2
_lcdData                 text18       001DEA
_lcdInit                 text2        001A40
_lcdPosition             text19       001CE2
_lcdStr                  text17       001AB8
_main                    text0        00092C
_minuto1                 bssCOMRAM    000072
_minuto2                 bssCOMRAM    000071
_musicas                 bssBANK1     000100
_nomes                   dataBANK2    000200
_pause                   dataCOMRAM   00007E
_pinMode                 text3        000B7E
_pwmFrequency            text15       001EA2
_pwmInit                 text14       001EE4
_pwmSet                  text11       001C12
_segundo1                bssCOMRAM    000070
_segundo2                bssCOMRAM    00006F
_ssdDigit                text10       001D3C
_ssdInit                 text1        001D94
_ssdUpdate               text9        001198
_strcpy                  text6        001E3E
_tecla                   dataCOMRAM   00007F
_teclas                  dataBANK0    0000E6
_tempo                   bssCOMRAM    000073
_tocaMusica              text8        000650
_tocaMusica$989          cstackCOMRAM 000011
_tocaMusica$990          cstackCOMRAM 000013
_v0                      bssCOMRAM    000079
_v1                      bssCOMRAM    000078
_v2                      bssCOMRAM    000077
_v3                      bssCOMRAM    000076
_valor                   bssBANK0     0000F2
_valor@ssd$F238          smallconst   000601
_volume                  dataCOMRAM   00007D
alterarVolume@old_D      cstackCOMRAM 000008
alterarVolume@opt        cstackCOMRAM 000007
atraso_ms@i              cstackCOMRAM 000003
atraso_ms@j              cstackCOMRAM 000005
atraso_ms@k              cstackCOMRAM 000006
atraso_ms@t              cstackCOMRAM 000001
digitalWrite@pin         cstackCOMRAM 000001
digitalWrite@value       cstackCOMRAM 000003
end_of_initialization    cinit        0019B8
iniciaMusica@i           cstackCOMRAM 00000F
intlevel0                text         000000
intlevel1                text         000000
intlevel2                text         000000
intlevel3                text         000000
isa$std                  (abs)        000001
isa$xinst                (abs)        000000
kpDebounce@i             cstackCOMRAM 00000A
kpDebounce@j             cstackCOMRAM 000009
kpDebounce@k             cstackCOMRAM 000007
kpDebounce@old_D         cstackCOMRAM 000006
kpDebounce@tempo         bssCOMRAM    00007B
kpDebounce@valorAntigo   bssBANK0     0000EE
kpDebounce@valorNovo     bssBANK0     0000F0
lcdCommand@cmd           cstackCOMRAM 000008
lcdCommand@old_D         cstackCOMRAM 000007
lcdData@old_D            cstackCOMRAM 000008
lcdData@valor            cstackCOMRAM 000007
lcdPosition@coluna       cstackCOMRAM 000009
lcdPosition@comando      cstackCOMRAM 00000B
lcdPosition@linha        cstackCOMRAM 00000A
lcdStr@i                 cstackCOMRAM 00000D
lcdStr@str               cstackCOMRAM 000009
main@F2434               dataBANK0    0000DE
main@F2436               dataBANK0    0000D4
main@F2438               dataBANK0    0000C4
main@F2440               dataBANK0    000080
main@i                   cstackCOMRAM 00006A
main@i_171               cstackCOMRAM 00006B
main@i_172               cstackCOMRAM 00006C
main@i_173               cstackCOMRAM 00006D
main@i_178               cstackCOMRAM 00006E
main@logo                cstackCOMRAM 000018
main@text6               cstackCOMRAM 000062
main@text7               cstackCOMRAM 000058
main@text8               cstackCOMRAM 000048
pinMode@pin              cstackCOMRAM 000001
pinMode@type             cstackCOMRAM 000003
pwmFrequency@freq        cstackCOMRAM 00000F
pwmSet@porcento          cstackCOMRAM 00000A
pwmSet@val               cstackCOMRAM 00000B
ssdDigit@pos             cstackCOMRAM 000001
ssdDigit@val             cstackCOMRAM 000002
stackhi                  (abs)        0005FF
stacklo                  (abs)        0002AA
start                    init         000000
start_initialization     cinit        001936
strcpy@d                 cstackCOMRAM 00000D
strcpy@dest              cstackCOMRAM 000007
strcpy@s                 cstackCOMRAM 00000B
strcpy@src               cstackCOMRAM 000009
tocaMusica@j             cstackCOMRAM 000015


MODULE INFORMATION

Module		Function		Class		Link	Load	Size
ssd.c
		_ssdInit       		CODE           	1D94	0000	86
		_ssdDigit      		CODE           	1D3C	0000	88
		_ssdUpdate     		CODE           	1198	0000	336

ssd.c estimated size: 510

C:\Program Files\Microchip\xc8\v2.32\pic\sources\c99\common\awdiv.c
		___awdiv       		CODE           	1672	0000	196

C:\Program Files\Microchip\xc8\v2.32\pic\sources\c99\common\awdiv.c estimated size: 196

delay.c
		_atraso_ms     		CODE           	1C7E	0000	100

delay.c estimated size: 100

C:\Program Files\Microchip\xc8\v2.32\pic\sources\c99\common\aldiv.c
		___aldiv       		CODE           	1566	0000	268

C:\Program Files\Microchip\xc8\v2.32\pic\sources\c99\common\aldiv.c estimated size: 268

keypad.c
		_kpInit        		CODE           	1F16	0000	10
		_kpDebounce    		CODE           	101A	0000	382
		_kpRead        		CODE           	1F20	0000	10

keypad.c estimated size: 402

io.c
		_digitalWrite  		CODE           	0DCC	0000	590
		_pinMode       		CODE           	0B7E	0000	590

io.c estimated size: 1180

musicas.c
		_iniciaMusica  		CODE           	1890	0000	166
		_escolheMusica 		CODE           	12E8	0000	320
		_alterarVolume 		CODE           	1428	0000	318
		_tocaMusica    		CODE           	0650	0000	732

musicas.c estimated size: 1536

pwm.c
		_pwmInit       		CODE           	1EE4	0000	26
		_pwmFrequency  		CODE           	1EA2	0000	38
		_pwmSet        		CODE           	1C12	0000	108

pwm.c estimated size: 172

C:\Program Files\Microchip\xc8\v2.32\pic\sources\c99\common\Umul16.c
		___wmul        		CODE           	1E7C	0000	38

C:\Program Files\Microchip\xc8\v2.32\pic\sources\c99\common\Umul16.c estimated size: 38

shared
		__initialization		CODE           	1936	0000	130
		_valor@ssd$F238		SMALLCONST     	0601	0000	16

shared estimated size: 146

C:\Program Files\Microchip\xc8\v2.32\pic\sources\c99\common\awmod.c
		___awmod       		CODE           	1736	0000	176

C:\Program Files\Microchip\xc8\v2.32\pic\sources\c99\common\awmod.c estimated size: 176

C:\Program Files\Microchip\xc8\v2.32\pic\sources\c99\common\lwdiv.c
		___lwdiv       		CODE           	1B30	0000	116

C:\Program Files\Microchip\xc8\v2.32\pic\sources\c99\common\lwdiv.c estimated size: 116

lcd.c
		_lcdCommand    		CODE           	19C2	0000	126
		_lcdPosition   		CODE           	1CE2	0000	90
		_Delay40us     		CODE           	1EFE	0000	24
		_lcdInit       		CODE           	1A40	0000	120
		_lcdData       		CODE           	1DEA	0000	84
		_Delay2ms      		CODE           	1EC8	0000	28
		_lcdStr        		CODE           	1AB8	0000	120

lcd.c estimated size: 592

main.c
		_main          		CODE           	092C	0000	594

main.c estimated size: 594

C:\Program Files\Microchip\xc8\v2.32\pic\sources\c99\common\strcpy.c
		_strcpy        		CODE           	1E3E	0000	62

C:\Program Files\Microchip\xc8\v2.32\pic\sources\c99\common\strcpy.c estimated size: 62

